
Switch>
Switch>
Switch>
Switch>en
Switch#
Switch#
Switch#ls

Dec 13 06:18:09.127: SMI Director is not configured, disabling SMI
Dec 13 06:18:09.127: disable_smartinstall_operation:Disabling SMI% Unknown command or computer name, or unable to find computer address
Switch#
Switch#
Switch#
Switch#l 
Switch#
Switch#
Switch#
Switch#
Switch#
Switch#
Switch#
Switch#
Switch#show s vlan

VLAN Name                             Status    Ports
---- -------------------------------- --------- -------------------------------
1    default                          active    Gi0/1, Gi0/2, Gi0/3, Gi0/4
                                                Gi0/5, Gi0/6, Gi0/7, Gi0/8
                                                Gi0/9, Gi0/10, Gi0/11, Gi0/12
                                                Gi0/13, Gi0/14, Gi0/15, Gi0/16
                                                Gi0/17, Gi0/18, Gi0/19, Gi0/20
                                                Gi0/21, Gi0/22, Gi0/23, Gi0/24
                                                Gi0/25, Gi0/26, Gi0/27, Gi0/28
                                                Gi0/29, Gi0/30, Gi0/31, Gi0/32
                                                Gi0/33, Gi0/34, Gi0/35, Gi0/36
                                                Gi0/37, Gi0/38, Gi0/39, Gi0/40
                                                Gi0/41, Gi0/42, Gi0/43, Gi0/44
                                                Gi0/45, Gi0/46, Gi0/47, Gi0/48
                                                Gi0/49, Gi0/50
1002 fddi-default                     act/unsup 
1003 token-ring-default               act/unsup 
1004 fddinet-default                  act/unsup 
1005 trnet-default                    act/unsup 

VLAN Type  SAID       MTU   Parent RingNo BridgeNo Stp  BrdgMode Trans1 Trans2
---- ----- ---------- ----- ------ ------ -------- ---- -------- ------ ------
 --More--         
VLAN Type  SAID       MTU   Parent RingNo BridgeNo Stp  BrdgMode Trans1 Trans2
---- ----- ---------- ----- ------ ------ -------- ---- -------- ------ ------
1    enet  100001     1500  -      -      -        -    -        0      0   
1002 fddi  101002     1500  -      -      -        -    -        0      0   
1003 tr    101003     1500  -      -      -        -    -        0      0   
1004 fdnet 101004     1500  -      -      -        ieee -        0      0   
1005 trnet 101005     1500  -      -      -        ibm  -        0      0   

Primary Secondary Type              Ports
------- --------- ----------------- ------------------------------------------

Switch#dis
Switch#dis   rel   c clea
Switch#clear 
Switch#clear 
Switch#clear ssa  a
Switch#clear sa
Switch#clear sa
Switch#clear sa
Switch#clear sa
Switch#clear sa
Switch#clear sav
Switch#clear sav
Switch#clear sav
Switch#clear sav         reset ?
% Unrecognized command
Switch#reset       conf    reset          
Switch#
Dec 13 06:20:10.081: %PNP-6-PNP_DISCOVERY_STOPPED: PnP Discovery stopped (Aborted by non-PnP bootstrapping)
Switch#
Switch#
Switch#
Switch#
Switch#
Switch#
Switch#rese
Switch#rese
Switch#rese
Switch#reset
Switch#reset
Switch#reset     res
Switch#resume        clea
Switch#clear 
Switch#clear 
Switch#clear 
Switch#clear ?
  aaa              Clear AAA values
  access-list      Clear access list statistical information
  access-template  Access-template
  archive          Clear archive data
  arp-cache        Clear the entire ARP cache
  authentication   Clear Auth Manager information
  cdp              Reset cdp information
  class-map        clear class-map information
  cns              CNS agents
  configuration    Clear configuration data
  controllers      Clear interface controller info
  counters         Clear counters on one or all interfaces
  crypto           Encryption subsystem
  cts              Cisco Trusted Security commands
  diagnostic       Diagnostic commands
  dot1x            Clear 802.1x information
  eap              Clear specified EAP details
  energywise       Clear EnergyWise information
  errdisable       Clear error disable from an interface/vlan
  extended         clear extended statistics
  host             Delete host table entries
  interface        Clear the hardware logic on an interface
 --More--           ip               IP
  ipc              Interprocess communications commands
  ipv6             IPv6 clear commands
  lacp             Port channel information
  license          License
  line             Reset a terminal line
  lldp             Reset lldp information
  logging          Clear logging buffer
  mac              MAC forwarding table
  macro            Clear macro configuration
  memory           Memory counters
  mls              mls keyword
  nmsp             Clear NMSP traffic counters
  pagp             Port channel information
  parser           Clear parser data
  policy-map       clear policy-map information
  port-security    Clear secure information
  psp              Clear PSP items
  radius           Clears radius server information
  registry         Registry Information
  route-map        Clear Route Map statistical information
  sockets          Clear all sockets for the selected process
  spanning-tree    Clear spanning tree parameters
 --More--           tcp              Clear a TCP connection or statistics
  vmps             VMPS statistics
  vtp              Clear VTP items
  wsma             WSMA

Switch#clear con
Switch#clear conf
Switch#clear configuration ?
  lock  Clear configuration session lock

Switch#clear configuration 
% Incomplete command.

Switch#era
Switch#erase sta
Switch#erase startup-config 
Erasing the nvram filesystem will remove all configuration files! Continue? [confirm]y[OK]
Erase of nvram: complete
Switch#
Dec 13 06:21:33.935: %SYS-7-NV_BLOCK_INIT: Initialized the geometry of nvram
Switch#
Switch#
Switch#
Switch#
Switch#
Switch#
Switch#dele
Switch#delete fla
Switch#delete flash:v
Switch#delete flash:v
Switch#delete flash:v
Switch#delete flash:v vl
Switch#delete flash:vl
Switch#delete flash:vl
Switch#delete flash:vl               relo
Switch#reload 
Proceed with reload? [confirm]

Dec 13 06:21:50.482: %SYS-5-RELOAD: Reload requested by console. Reload Reason: Reload command.
CPU rev: B
Image passed digital signature verification
Board rev: 25
Testing DataBus...
Testing AddressBus...
Testing Memory from 0x00000000 to 0x0fffffff...  - \ | / - \ | / - \ | / - \ | / - \ | / - \ | / - \ | / - \ | / - \ | / - \ | / - \ | / - \ | / - \ | / - \ | / - \ | / - \ | / - \ | / - \ | / - \ | / - \ | / - \ | / - \ | / - \ | / - \ | / - \ | / - \ | / - \ | / - \ | / - \ | / - \ | / - \ | / - \ | / 
Using driver version 4 for media type 1
Xmodem file system is available.
Base ethernet MAC Address: ac:f5:e6:01:8c:80
The password-recovery mechanism is enabled.
USB EHCI 1.00
USB EHCI 1.00
USB Console INIT
Initializing Flash...
mifs[5]: 10 files, 1 directories
mifs[5]: Total bytes     :    1806336
mifs[5]: Bytes used      :     690688
mifs[5]: Bytes available :    1115648
mifs[5]: mifs fsck took 0 seconds.
mifs[6]: 2 files, 1 directories
mifs[6]: Total bytes     :    3870720
mifs[6]: Bytes used      :    1213440
mifs[6]: Bytes available :    2657280
mifs[6]: mifs fsck took 1 seconds.
mifs[7]: 5 files, 1 directories
mifs[7]: Total bytes     :     258048
mifs[7]: Bytes used      :       8192
mifs[7]: Bytes available :     249856
mifs[7]: mifs fsck took 0 seconds.
mifs[8]: 5 files, 1 directories
mifs[8]: Total bytes     :     258048
mifs[8]: Bytes used      :       8192
mifs[8]: Bytes available :     249856
mifs[8]: mifs fsck took 1 seconds.
mifs[9]: 651 files, 20 directories
mifs[9]: Total bytes     :   56125440
mifs[9]: Bytes used      :   27190272
mifs[9]: Bytes available :   28935168
mifs[9]: mifs fsck took 18 seconds.
...done Initializing Flash.
Loading "flash:/c2960x-universalk9-mz.152-2.E7/c2960x-universalk9-mz.152-2.E7.bin"...Verifying image flash:/c2960x-universalk9-mz.152-2.E7/c2960x-universalk9-mz.152-2.E7.bin.....................................................................................................................................................................................................................................................................................................................................Image passed digital signature verification
@@@@@@@@@@@@@@@@@@@@@@@@@@@@@@@@@@@@@@@@@@@@@@@@@@@@@@@@@@@@@@@@@@@@@@@@@@@@@@@@@@@@@@@@@@@@@@@@@@@@@@@@@@@@@@@@@@@@@@@@@@@@@@@@@@@@@@@@@@@@@@@@@@@@@@@@@@@@@@@@@@@@@@@@@@@@@@@@@@@@@@@@@@@@@@@@@@@@@@@@@@@@@@@@@@@@@@@@@@@@@@@@@@@@@@@@@@@@@@@@@@@@@@@@@@@@@@@@@@@@@@@@@@@@@@@@@@@@@@@@@@@@@@@@@@@@@@@@@@@@@@@@@@@@@@@@@@@@@@@@@@@@@@@@@@@@@@@@@@@@@@@@@@@@@@@@@@@@@@@@@@@@@@@@@@@@@@@@@@@@@@@@@@@@@@@@@@@@@@@@@@@@@@@@@@@@@@@@@@@@@@@@@@@@@@@@@@@@@@@@@@@@@@@@@@@@@@@@@@@@@@@@@@@@@@@@@@@@@@@@@@@@@@@@@@@@@@@@@@@@@@@@@@@@@@@@@@@@@@@@@@@@@@@@@@@@@@@@@@@@@@@@@@@@@@@@@@@@@@@@@@@@@@@@@@@@@@@@@@@@@@@@@@@@@@@@@@@@@@@@@@@@@@@@@@@@@@@@@@@@@@@@@@@@@@@@@@@@@@@@@@@@@@@@@@@@@@@@@@@@@@@@@@@@@@@@@@@@@@@@@@@@@@@@@@@@@@@@@@@@@@@@@@@@@@@@@@@@@@@@@@@@@@@@@@@@@@@@@@@@@@@@@@@@@@@@@@@@@@@@@@@@@@@@@@@@@@@@@@@@@@@@@@@@@@@@@@@@@@@@@@@@@@@@@@@@@@@@@@@@@@@@@@@@@@@@@@@@@@@@@@@@@@@@@@@@@@@@@@@@@@@@@@@@@@@@@@@@@@@@@@@@@@@@@@@@@@@@@@@@@@@@@@@@@@@@@@@@@@@@@@@@@@@@@@@@@@@@@@@@@@@@@@@@@@@@@@@@@@@@@@@@@@@@@@@@@@@@@@@@@@@@@@@@@@@@@@@@@@@@@@@@@@@@@@@@@@@@@@@@@@@@@@@@@@@@@@@@@@@@@@@@@@@@@@@@@@@@@@@@@@@@@@@@@@@@@@@@@@@@@@@@@@@@@@@@@@@@@@@@@@@@@@@@@@@@@@@@@@@@@@@@@@@@@@@@@@@@@@@@@@@@@@@@@@@@@@@@@@@@@@@@@@@@@@@@@@@@@@@@@@@@@@@@@@@@@@@@@@@@@@@@@@@@@@@@@@@@@@@@@@@@@@@@@@@@@@@@@@@@@@@@@@@@@@@@@@@@@@@@@@@@@@@@@@@@@@@@@@@@@@@@@@@@@@@@@@@@@@@@@@@@@@@@@@@@@@@@@@@@@@@@@@@@@@@@@@@@@@@@@@@@@@@@@@@@@@@@@@@@@@@@@@@@@@@@@@@@@@@@@@@@@@@@@@@@@@@@@@@@@@@@@@@@@@@@@@@@@@@@@@@@@@@@@@@@@@@@@@@@@@@@@@@@@@@@@@@@@@@@@@@@@@@@@@@@@@@@@@@@@@@@@@@@@@@@@@@@@@@@@@@@@@@@@@@@@@@@@@@@@@@@@@@@@@@@@@@@@@@@@@@@@@@@@@@@@@@@@@@@@@@@@@@@@@@@@@@@@@@@@@@@@@@@@@@@@@@@@@@@@@@@@@@@@@@@@@@@@@@@@@@@@@@@@@@@@@@@@@@@@@@@@@@@@@@@@@@@@@@@@@@@@@@@@@@@@@@@@@@@@@@@@@@@@@@@@@@@@@@@@@@@@@@@@@@@@@@@@@@@@@@@@@@@@@@@@@@@@@@@@@@@@@@@@@@@@@@@@@@@@@@@@@@@@@@@@@@@@@@@@@@@@@@@@@@@@@@@@@@@@@@@@@@@@@@@@@@@@@@@@@@@@@@@@@@@@@@@@@@@@@@@@@@@@@@@@@@@@@@@@@@@@@@@@@@@@@@@@@@@@@@@@@@@@@@@@@@@@@@@@@@@@@@@@@@@@@@@@@@@@@@@@@@@@@@@@@@@@@@@@@@@@@@@@@@@@@@@@@@@@@@@@@@@@@@@@@@@@@@@@@@@@@@@@@@@@@@@@@@@@@@@@@@@@@@@@@@@@@@@@@@@@@@@@@@@@@@@@@@@@@@@@@@@@@@@@@@@@@@@@@@@@@@@@@@@@@@@@@@@@@@@@@@@@@@@@@@@@@@@@@@@@@@@@@@@@@@@@@@@@@@@@@@@@@@@@@@@@@@@@@@@@@@@@@@@@@@@@@@@@@@@@@@@@@@@@@@@@@@@@@@@@@@@@@@@@@@@@@@@@@@@@@@@@@@@@@@@@@@@@@@@@@@@@@@@@@@@@@@@@@@@@@@@@@@@@@@@@@@@@@@@@@@@@@@@@@@@@@@@@@@@@@@@@@@@@@@@@@@@@@@@@@@@@@@@@@@@@@@@@@@@@@@@@@@@@@@@@@@@@@@@@@@@@@@@@@@@@@@@@@@@@@@@@@@@@@@@@@@@@@@@@@@@@@@@@@@@@@@@@@@@@@@@@@@@@@@@@@@@@@@@@@@@@@@@@@@@@@@@@@@@@@@@@@@@@@@@@@@@@@@@@@@@@@@@@@@@@@@@@@@@@@@@@@@@@@@@@@@@@@@@@@@@@@@@@@@@@@@@@@@@@@@@@@@@@@@@@@@@@@@@@@@@@@@@@@@@@@@@@@@@@@@@@@@@@@@@@@@@@@@@@@@@@@@@@@@@@@@@@@@@@@@@@@@@@@@@@@@@@@@@@@@@@@@@@@@@@@@@@@@@@@@@@@@@@@@@@@@@@@@@@@@@@@@@@@@@@@@@@@@@@@@@@@@@@@@@@@@@@@@@@@@@@@@@@@@@@@@@@@@@@@@@@@@@@@@@@@@@@@@@@@@@@@@@@@@@@@@@@@@@@@@@@@@@@@@@@@@@@@@@@@@@@@@@@@@@@@@@@@@@@@@@@@@@@@@@@@@@@@@@@@@@@@@@@@@@@@@@@@@@@@@@@@@@@@@@@@@@@@@@@@@@@@@@@@@@@@@@@@@@@@@@@@@@@@@@@@@@@@@@@@@@@@@@@@@@@@@@@@@@@@@@@@@@@@@@@@@@@@@@@@@@@@@@@@@@@@@@@@@@@@@@@@@@@@@@@@@@@@@@@@@@@@@@@@@@@@@@@@@@@@@@@@@@@@@@@@@@@@@@@@@@@@@@@@@@@@@@@@@@@@@@@@@@@@@@@@@@@@@@@@@@@@@@@@@@@@@@@@@@@@@@@@@@@@@@@@@@@@@@@@@@@@@@@@@@@@@@@@@@@@@@@@@@@@@@@@@@@@@@@@@@@@@@@@@@@@@@@@@@@@@@@@@@@@@@@@@@@@@@@@@@@@@@@@@@@@@@@@@@@@@@@@@@@@@@@@@@@@@@@@@@@@@@@@@@@@@@@@@@@@@@@@@@@@@@@@@@@@@@@@@@@@@@@@@@@@@@@@@@@@@@@@@@@@@@@@@@@@@@@@@@@@@@@@@@@@@@@@@@@@@@@@@@@@@@@@@@@@@@@@@@@@@@@@@@@@@@@@@@@@@@@@@@@@@@@@@@@@@@@@@@@@@@@@@@@@@@@@@@@@@@@@@@@@@@@@@@@@@@@@@@@@@@@@@@@@@@@@@@@@@@@@@@@@@@@@@@@@@@@@@@@@@@@@@@@@@@@@@@@@@@@@@@@@@@@@@@@@@@@@@@@@@@@@@@@@@@@@@@@@@@@@@@@@@@@@@@@@@@@@@@@@@@@@@@@@@@@@@@@@@@@@@@@@@@@@@@@@@@@@@@@@@@@@@@@@@@@@@@@@@@@@@@@@@@@@@@@@@@@@@@@@@@@@@@@@@@@@@@@@@@@@@@@@@@@@@@@@@@@@@@@@@@@@@@@@@@@@@@@@@@@@@@@@@@@@@@@@@@@@@@@@@@@@@@@@@@@@@@@@@@@@@@@@@@@@@@@@@@@@@@@@@@@@@@@@@@@@@@@@@@@@@@@@@@@@@@@@@@@@@@@@@@@@@@@@@@@@@@@@@@@@@@@@@@@@@@@@@@@@@@@@@@@@@@@@@@@@@@@@@@@@@@@@@@@@@@@@@@@@@@@@@@@@@@@@@@@@@@@@@@@@@@@@@@@@@@@@@@@@@@@@@@@@@@@@@@@@@@@@@@@@@@@@@@@@@@@@@@@@@@@@@@@@@@@@@@@@@@@@@@@@@@@@@@@@@@@@@@@@@@@@@@@@@@@@@@@@@@@@@@@@@@@@@@@@@@@@@@@@@@@@@@@@@@@@@@@@@@@@@@@@@@@@@@@@@@@@@@@@@@@@@@@@@@@@@@@@@@@@@@@@@@@@@@@@@@@@@@@@@@@@@@@@@@@@@@@@@@@@@@@@@@@@@@@@@@@@@@@@@@@@@@@@@@@@@@@@@@@@@@@@@@@@@@@@@@@@@@@@@@@@@@@@@@@@@@@@@@@@@@@@@@@@@@@@@@@@@@@@@@@@@@@@@@@@@@@@@@@@@@@@@@@@@@@@@@@@@@@@@@@@@@@@@@@@@@@@@@@@@@@@@@@@@@@@@@@@@@@@@@@@@@@@@@@@@@@@@@@@@@@@@@@@@@@@@@@@@@@@@@@@@@@@@@@@@@@@@@@@@@@@@@@@@@@@@@@@@@@@@@@@@@@@@@@@@@@@@@@@@@@@@@@@@@@@@@@@@@@@@@@@@@@@@@@@@@@@@@@@@@@@@@@@@@@@@@@@@@@@@@@@@@@@@@@@@@@@@@@@@@@@@@@@@@@@@@@@@@@@@@@@@@@@@@@@@@@@@@@@@@@@@@@@@@@@@@@@@@@@@@@@@@@@@@@@@@@@@@@@@@@@@@@@@@@@@@@@@@@@@@@@@@@@@@@@@@@@@@@@@@@@@@@@@@@@@@@@@@@@@@@@@@@@@@@@@@@@@@@@@@@@@@@@@@@@@@@@@@@@@@@@@@@@@@@@@@@@@@@@@@@@@@@@@@@@@@@@@@@@@@@@@@@@@@@@@@@@@@@@@@@@@@@@@@@@@@@@@@@@@@@@@@@@@@@@@@@@@@@@@@@@@@@@@@@@@@@@@@@@@@@@@@@@@@@@@@@@@@@@@@@@@@@@@@@@@@@@@@@@@@@@@@@@@@@@@@@@@@@@@@@@@@@@@@@@@@@@@@@@@@@@@@@@@@@@@@@@@@@@@@@@@@@@@@@@@@@@@@@@@@@@@@@@@@@@@@@@@@@@@@@@@@@@@@@@@@@@@@@@@@@@@@@@@@@@@@@@@@@@@@@@@@@@@@@@@@@@@@@@@@@@@@@@@@@@@@@@@@@@@@@@@@@@@@@@@@@@@@@@@@@@@@@@@@@@@@@@@@@@@@@@@@@@@@@@@@@@@@@@@@@@@@@@@@@@@@@@@@@@@@@@@@@@@@@@@@@@@@@@@@@@@@@@@@@@@@@@@@@@@@@@@@@@@@@@@@@@@@@@@@@@@@@@@@@@@@@@@@@@@@@@@@@@@@@@@@@@@@@@@@@@@@@@@@@
File "flash:/c2960x-universalk9-mz.152-2.E7/c2960x-universalk9-mz.152-2.E7.bin" uncompressed and installed, entry point: 0x3000
executing...

              Restricted Rights Legend

Use, duplication, or disclosure by the Government is
subject to restrictions as set forth in subparagraph
(c) of the Commercial Computer Software - Restricted
Rights clause at FAR sec. 52.227-19 and subparagraph
(c) (1) (ii) of the Rights in Technical Data and Computer
Software clause at DFARS sec. 252.227-7013.

           cisco Systems, Inc.
           170 West Tasman Drive
           San Jose, California 95134-1706



Cisco IOS Software, C2960X Software (C2960X-UNIVERSALK9-M), Version 15.2(2)E7, RELEASE SOFTWARE (fc3)
Technical Support: http://www.cisco.com/techsupport
Copyright (c) 1986-2017 by Cisco Systems, Inc.
Compiled Wed 12-Jul-17 13:06 by prod_rel_team
Initializing flashfs...
Using driver version 4 for media type 1
mifs[7]: 10 files, 1 directories
mifs[7]: Total bytes     : 1806336   
mifs[7]: Bytes used      : 690688    
mifs[7]: Bytes available : 1115648   
mifs[7]: mifs fsck took 0 seconds.
mifs[7]: Initialization complete.

mifs[8]: 2 files, 1 directories
mifs[8]: Total bytes     : 3870720   
mifs[8]: Bytes used      : 1213440   
mifs[8]: Bytes available : 2657280   
mifs[8]: mifs fsck took 0 seconds.
mifs[8]: Initialization complete.

mifs[9]: 5 files, 1 directories
mifs[9]: Total bytes     : 258048    
mifs[9]: Bytes used      : 8192      
mifs[9]: Bytes available : 249856    
mifs[9]: mifs fsck took 0 seconds.
mifs[9]: Initialization complete.

mifs[10]: 5 files, 1 directories
mifs[10]: Total bytes     : 258048    
mifs[10]: Bytes used      : 8192      
mifs[10]: Bytes available : 249856    
mifs[10]: mifs fsck took 1 seconds.
mifs[10]: Initialization complete.

mifs[11]: 651 files, 20 directories
mifs[11]: Total bytes     : 56125440  
mifs[11]: Bytes used      : 27190272  
mifs[11]: Bytes available : 28935168  
mifs[11]: mifs fsck took 1 seconds.
mifs[11]: Initialization complete.

...done Initializing flashfs.
Checking for Bootloader upgrade..
Boot Loader upgrade not required (Stage 2)


FIPS: Flash Key Check : Begin
FIPS: Flash Key Check : End, Not Found, FIPS Mode Not Enabled

POST: MA BIST : Begin
POST: MA BIST : End, Status Passed

POST: TCAM BIST : Begin
POST: TCAM BIST : End, Status Passed

POST: ACT2 Authentication : Begin
POST: ACT2 Authentication : End, Status Passed
extracting front_end/front_end_ucode_info (43 bytes)
 Software version is different so extracting
 the whole bundle

POST: Thermal, Fan Tests : Begin
POST: Thermal, Fan Tests : End, Status Passed

POST: PortASIC Port Loopback Tests : Begin
POST: PortASIC Port Loopback Tests : End, Status Passed

POST: EMAC Loopback Tests : Begin
POST: EMAC Loopback Tests : MAC Loopback Passed
POST: EMAC Loopback Tests : PHY Loopback Passed
POST: EMAC Loopback Tests : End, Status Passed

Waiting for Port download...Complete
Initializing Port Extension Feature Support...


This product contains cryptographic features and is subject to United
States and local country laws governing import, export, transfer and
use. Delivery of Cisco cryptographic products does not imply
third-party authority to import, export, distribute or use encryption.
Importers, exporters, distributors and users are responsible for
compliance with U.S. and local country laws. By using this product you
agree to comply with applicable laws and regulations. If you are unable
to comply with U.S. and local laws, return this product immediately.

A summary of U.S. laws governing Cisco cryptographic products may be found at:
http://www.cisco.com/wwl/export/crypto/tool/stqrg.html

If you require further assistance please contact us by sending email to
export@cisco.com.

cisco WS-C2960X-48TS-LL (APM86XXX) processor (revision R0) with 262144K bytes of memory.
Processor board ID FCW2313B2QV
Last reset from power-on
1 Virtual Ethernet interface
1 FastEthernet interface
50 Gigabit Ethernet interfaces
The password-recovery mechanism is enabled.

512K bytes of flash-simulated non-volatile configuration memory.
Base ethernet MAC Address       : AC:F5:E6:01:8C:80
Motherboard assembly number     : 73-16696-05
Power supply part number        : 341-0537-02
Motherboard serial number       : FOC23122SYR
Power supply serial number      : LIT23082ZUL
Model revision number           : R0
Motherboard revision number     : D0
Model number                    : WS-C2960X-48TS-LL
Daughterboard assembly number   : 73-14200-03
Daughterboard serial number     : FOC231270GC
System serial number            : FCW2313B2QV
Top Assembly Part Number        : 68-100474-02
Top Assembly Revision Number    : J0
Version ID                      : V05
CLEI Code Number                : COMGK00ARJ
Daughterboard revision number   : B0
Hardware Board Revision Number  : 0x19


Switch Ports Model                     SW Version            SW Image                 
------ ----- -----                     ----------            ----------               
*    1 50    WS-C2960X-48TS-LL         15.2(2)E7             C2960X-UNIVERSALK9-M     




Press RETURN to get started!


*Mar  1 00:00:24.050: Read env variable - LICENSE_BOOT_LEVEL = 
*Jan  2 00:00:00.153: %IOS_LICENSE_IMAGE_APPLICATION-6-LICENSE_LEVEL: Module name = c2960x_lanlite Next reboot level = lanlite and License = lanlite
Dec 13 06:24:58.114: . Cannot read pid from Flexstack module

Dec 13 06:24:58.212: %HPAA:hpaa_port_bitmap_init:254:n_ports = 50, sizeof (**hpaa_port_bitmap.bitlist_array) = 16

Dec 13 06:25:40.924: %LINEPROTO-5-UPDOWN: Line protocol on Interface Vlan1, c


         --- System Configuration Dialog ---

Enable secret warning
----------------------------------
In order to access the device manager, an enable secret is required
If you enter the initial configuration dialog, you will be prompted for the enable secret
If you choose not to enter the intial configuration dialog, or if you exit setup without setting the enable secret,
please set an enable secret using the following CLI in configuration mode-
enable secret 0 <cleartext password>
--------hanged state to down
Dec 13 06:25:40.924: %LINEPROTO-5-UPDOWN: Line protocol on Interface FastEthernet0, changed state to down
Dec 13 06:25:40.977: %SMI-5-CLIENT:  Smart Install Client feature is enabled. It is recommended to disable the Smart Install feature when it is not actively used. To disable feature execute 'no vstack' in configuration mode
Dec 13--------------------------
Would you like to enter the initial configuration dialog? [yes/no]:  06:25:42.361: %SPANTREE-5-EXTENDED_SYSID: Extended SysId enabled for type vlan
Dec 13 06:26:05.381: %SYS-5-RESTART: System restarted --
Cisco IOS Software, C2960X Software (C2960X-UNIVERSALK9-M), Version 15.2(2)E7, RELEASE SOFTWARE (fc3)
Technical Support: http://www.cisco.com/techsupport
Copyright (c) 1986-2017 by Cisco Systems, Inc.
Compiled Wed 12-Jul-17 13:06 by prod_rel_team
Dec 13 06:26:06.310: %USB_CONSOLE-6-MEDIA_RJ45: Console media-type is RJ45.
Dec 13 06:26:07.380: %LINK-3-UPDOWN: Interface FastEthernet0, changed state to down
Dec 13 06:26:08.243: %LINEPROTO-5-UPDOWN: Line protocol on Interface GigabitEthernet0/2, changed state to up
Dec 13 06:26:08.243: %LINEPROTO-5-UPDOWN: Line protocol on Interface GigabitEthernet0/8, changed state to up
Dec 13 06:26:08.387: %LINEPROTO-5-UPDOWN: Line protocol on Interface FastEthernet0, changed state to down
Dec 13 06:26:10.180: %LINK-3-UPDOWN: Interface GigabitEthernet0/2, changed state to up
Dec 13 06:26:10.187: %LINK-3-UPDOWN: Interface GigabitEthernet0/8, changed state to up
Dec 13 06:26:10.260: %LINK-3-UPDOWN: Interface GigabitEthernet0/3, changed state to up
Dec 13 06:26:10.267: %LINK-3-UPDOWN: Interface GigabitEthernet0/9, changed state to up
Dec 13 06:26:10.302: %LINK-3-UPDOWN: Interface GigabitEthernet0/1, changed state to up
Dec 13 06:26:10.309: %LINK-3-UPDOWN: Interface GigabitEthernet0/12, changed state to up
Dec 13 06:26:10.379: %LINK-3-UPDOWN: Interface GigabitEthernet0/7, changed state to up
% Please answer 'yes' or 'no'.
Would you like to enter the initial configuration dialog? [yes/no]: 
% Please answer 'yes' or 'no'.
Would you like to enter the initial configuration dialog? [yes/no]: 
% Please answer 'yes' or 'no'.
Would you like to enter the initial configuration dialog? [yes/no]: 
% Please answer 'yes' or 'no'.
Would you like to enter the initial configuration dialog? [yes/no]: no
Switch>en
Switch#
Switch#
Switch#
Switch#conf t
Enter configuration commands, one per line.  End with CNTL/Z.
Switch(config)#int vlan 10
Switch(config-if)#i
Dec 13 06:27:35.320: %LINEPROTO-5-UPDOWN: Line protocol on Interface Vlan10, changed state to downp add
Switch(config-if)#ip address 
Dec 13 06:28:04.740: %PNP-6-PNP_DISCOVERY_STOPPED: PnP Discovery stopped (Aborted by non-PnP bootstrapping)
Switch(config-if)#ip address 
Switch(config-if)#ip address 
Switch(config-if)#ip address 
Switch(config-if)#ip address  192.168.0.234
% Incomplete command.

Switch(config-if)#
Switch(config-if)#
Switch(config-if)#ip address  192.168.0.234 ?
  A.B.C.D  IP subnet mask

Switch(config-if)#ip address  192.168.0.234 255.255.255.0
Switch(config-if)#i   no shut
Switch(config-if)#exit
Switch(config)#int vlan        ip dfa
Switch(config)#ip dfa  efa
Switch(config)#ip default-gateway 192.168.0.2
Switch(config)#
Switch(config)#
Switch(config)#
Switch(config)#int vlan    rang
Switch(config)#int range gi
Switch(config)#int range gigabitEthernet 1 ?
  <0-0>  GigabitEthernet interface number

Switch(config)#int range gigabitEthernet 0?
/  

Switch(config)#int range gigabitEthernet 0/?
  <1-50>  GigabitEthernet interface number

Switch(config)#int range gigabitEthernet 0/1 ?
  ,  comma
  -  hyphen
  <cr>

Switch(config)#int range gigabitEthernet 0/1 - 6
Switch(config-if-range)#int     de  sw
Switch(config-if-range)#switchport o po
Switch(config-if-range)#switchport port-security               mod
Switch(config-if-range)#switchport mode acc
Switch(config-if-range)#switchport mode access 
Switch(config-if-range)#sw
Switch(config-if-range)#switchport acc
Switch(config-if-range)#switchport access vlan 10
% Access VLAN does not exist. Creating vlan 10
Switch(config-if-range)#no shut
Switch(config-if-range)#end
Switch#
Switch#
Switch#int
Dec 13 06:29:21.597: %SYS-5-CONFIG_I: Configured from console by console 
Switch#int     show vlan b

VLAN Name                             Status    Ports
---- -------------------------------- --------- -------------------------------
1    default                          active    Gi0/7, Gi0/8, Gi0/9, Gi0/10
                                                Gi0/11, Gi0/12, Gi0/13, Gi0/14
                                                Gi0/15, Gi0/16, Gi0/17, Gi0/18
                                                Gi0/19, Gi0/20, Gi0/21, Gi0/22
                                                Gi0/23, Gi0/24, Gi0/25, Gi0/26
                                                Gi0/27, Gi0/28, Gi0/29, Gi0/30
                                                Gi0/31, Gi0/32, Gi0/33, Gi0/34
                                                Gi0/35, Gi0/36, Gi0/37, Gi0/38
                                                Gi0/39, Gi0/40, Gi0/41, Gi0/42
                                                Gi0/43, Gi0/44, Gi0/45, Gi0/46
                                                Gi0/47, Gi0/48, Gi0/49, Gi0/50
10   VLAN0010                         active    Gi0/1, Gi0/2, Gi0/3, Gi0/4
                                                Gi0/5, Gi0/6
1002 fddi-default                     act/unsup 
1003 token-ring-default               act/unsup 
1004 fddinet-default                  act/unsup 
1005 trnet-default                    act/unsup 
Switch#int vlan        conf t
Enter configuration commands, one per line.  End with CNTL/Z.
Switch(config)#int rang
Switch(config)#int range gi
Switch(config)#int range gigabitEthernet 1/
Dec 13 06:29:48.640: %LINEPROTO-5-UPDOWN: Line protocol on Interface Vlan10, changed state to up47 - 48
Switch(config)#int range gigabitEthernet 1/47 - 48
                                         ^
% Invalid input detected at '^' marker.

Switch(config)#
Switch(config)#int range gigabitEthernet 1/47 - 48net 1/47 - 48         0/47 - 48
Switch(config-if-range)#mo sw   sw
Switch(config-if-range)#switchport mo
Switch(config-if-range)#switchport mode tr
Switch(config-if-range)#switchport mode trunk 
Switch(config-if-range)#uno   no shut
Switch(config-if-range)#end
Switch#sw  in
Dec 13 06:30:15.581: %SYS-5-CONFIG_I: Configured from console by consolet
Switch#int
Switch#int
Switch#int   conf t
Enter configuration commands, one per line.  End with CNTL/Z.
Switch(config)#en
Switch(config)#ena
Switch(config)#enable pa
Switch(config)#enable password ?
  0      Specifies an UNENCRYPTED password will follow
  7      Specifies a HIDDEN password will follow
  LINE   The UNENCRYPTED (cleartext) 'enable' password
  level  Set exec level password

Switch(config)#enable password 0 7 ?
  WORD  The HIDDEN 'enable' password string

Switch(config)#enable password 7 cisco
Invalid encrypted password: cisco

Switch(config)#user
Switch(config)#user?
user-name  username  

Switch(config)#userna
Switch(config)#username ?
  WORD  User name

Switch(config)#username ?
  WORD  User name

Switch(config)#username          userna
Switch(config)#username admin ?
  aaa                     AAA directive
  access-class            Restrict access by access-class
  algorithm-type          Algorithm to use for hashing the plaintext secret for
                          the user
  autocommand             Automatically issue a command after the user logs in
  callback-dialstring     Callback dialstring
  callback-line           Associate a specific line with this callback
  callback-rotary         Associate a rotary group with this callback
  common-criteria-policy  Enter the common-criteria policy name
  dnis                    Do not require password when obtained via DNIS
  mac                     This entry is for MAC Filtering where username=mac
  nocallback-verify       Do not require authentication after callback
  noescape                Prevent the user from using an escape character
  nohangup                Do not disconnect after an automatic command
  nopassword              No password is required for the user to log in
  password                Specify the password for the user
  privilege               Set user privilege level
  secret                  Specify the secret for the user
  user-maxlinks           Limit the user's number of inbound links
  view                    Set view name
  <cr>

Switch(config)#username admin sec
Switch(config)#username admin secret ?
  0     Specifies an UNENCRYPTED secret will follow
  5     Specifies a MD5 HASHED secret will follow
  8     Specifies a PBKDF2 HASHED secret will follow
  9     Specifies a SCRYPT HASHED secret will follow
  LINE  The UNENCRYPTED (cleartext) user secret

Switch(config)#username admin secret 5 admin@simgui
ERROR: The secret you entered is not a valid encrypted secret.
To enter an UNENCRYPTED secret, do not specify type 5 encryption.
When you properly enter an UNENCRYPTED secret, it will be encrypted.

Switch(config)#username admin secret 5 admin@simgui            ?
  WORD  The HIDDEN user secret string

Switch(config)#username admin secret 5   ?
  0     Specifies an UNENCRYPTED secret will follow
  5     Specifies a MD5 HASHED secret will follow
  8     Specifies a PBKDF2 HASHED secret will follow
  9     Specifies a SCRYPT HASHED secret will follow
  LINE  The UNENCRYPTED (cleartext) user secret

Switch(config)#username admin secret 5 ?
  WORD  The HIDDEN user secret string

Switch(config)#username admin secret 5    
Switch(config)#username admin secret sim   admin@simgui
Switch(config)#i line vty
Switch(config)#line vty ?
  <0-15>  First Line number

Switch(config)#line vty 0 ?
  <1-15>  Last Line number
  <cr>

Switch(config)#line vty 0 4
Switch(config-line)#?
Line configuration commands:
  access-class            Filter connections based on an IP access list
  autocommand             Automatically execute an EXEC command
  autocommand-options     Autocommand options
  data-character-bits     Size of characters being handled
  databits                Set number of data bits per character
  default                 Set a command to its defaults
  domain-lookup           Enable domain lookups in show commands
  editing                 Enable command line editing
  escape-character        Change the current line's escape character
  exec                    Configure EXEC
  exec-banner             Enable the display of the EXEC banner
  exec-character-bits     Size of characters to the command exec
  exec-timeout            Set the EXEC timeout
  exit                    Exit from line configuration mode
  flowcontrol             Set the flow control
  full-help               Provide help to unprivileged user
  help                    Description of the interactive help system
  history                 Enable and control the command history function
  international           Enable international 8-bit character support
  ip                      IP options
  length                  Set number of lines on a screen
 --More--           location                Enter terminal location description
  logging                 Modify message logging facilities
  login                   Enable password checking
  modem                   Configure the Modem Control Lines
  monitor                 Copy debug output to the current terminal line
  motd-banner             Enable the display of the MOTD banner
  no                      Negate a command or set its defaults
  notify                  Inform users of output from concurrent sessions
  padding                 Set padding for a specified output character
  parity                  Set terminal parity
  password                Set a password
  prc                     PRC commands
  privilege               Change privilege level for line
  refuse-message          Define a refuse banner
  rotary                  Add line to a rotary group
  rxspeed                 Set the receive speed
  session-timeout         Set interval for closing connection when there is no
                          input traffic
  special-character-bits  Size of the escape (and other special) characters
  speed                   Set the transmit and receive speeds
  start-character         Define the start character
  stop-character          Define the stop character
  stopbits                Set async line stop bits
 --More--         
Switch(config-line)#log
Switch(config-line)#login
Switch(config-line)#login local
Switch(config-line)#login local 
Switch(config-line)#
Switch(config-line)#
Switch(config-line)#end
Switch#
Dec 13 06:34:22.119: %SYS-5-CONFIG_I: Configured from console by console
Switch#
Switch#
Switch#showi  ip aa  ssh
SSH Disabled - version 1.99
%Please create RSA keys to enable SSH (and of atleast 768 bits for SSH v2).
Authentication methods:publickey,keyboard-interactive,password
Encryption Algorithms:aes128-ctr,aes192-ctr,aes256-ctr,aes128-cbc,3des-cbc,aes192-cbc,aes256-cbc
MAC Algorithms:hmac-sha1,hmac-sha1-96
Authentication timeout: 120 secs; Authentication retries: 3
Minimum expected Diffie Hellman key size : 1024 bits
IOS Keys in SECSH format(ssh-rsa, base64 encoded): NONE
Switch#conft  t
Enter configuration commands, one per line.  End with CNTL/Z.
Switch(config)#in  lien v    ne vty
Switch(config)#line vty 0 4
Switch(config-line)#trn an
Switch(config-line)#transport ?
  input      Define which protocols to use when connecting to the terminal
             server
  output     Define which protocols to use for outgoing connections
  preferred  Specify the preferred protocol to use

Switch(config-line)#transport in
Switch(config-line)#transport input ?
  all     All protocols
  none    No protocols
  ssh     TCP/IP SSH protocol
  telnet  TCP/IP Telnet protocol

Switch(config-line)#transport input all   ssh ?
  telnet  TCP/IP Telnet protocol
  <cr>

Switch(config-line)#transport input ssh telnet ?
  <cr>

Switch(config-line)#transport input ssh telnet 
Switch(config-line)#
Switch(config-line)#
Switch(config-line)#
Switch(config-line)#
Switch(config-line)#
Switch(config-line)#quit
                    ^
% Invalid input detected at '^' marker.

Switch(config-line)#e end
Switch#q 
Dec 13 06:38:05.574: %SYS-5-CONFIG_I: Configured from console by consolesave
% Unknown command or computer name, or unable to find computer address
Switch#
Switch#
Switch#
Switch#
Switch#
Switch#
Switch#
Switch#
Switch#int gi
Switch#int gi      conft    t
Enter configuration commands, one per line.  End with CNTL/Z.
Switch(config)#int
Switch(config)#interface rang   a  port
Switch(config)#interface port?
Port-channel  Portgroup  

Switch(config)#interface port-c
Switch(config)#interface port-channel ?
  <1-6>  Port-channel interface number

Switch(config)#interface port-channel 1 
Switch(config-if)#desc
Switch(config-if)#description   VM-   ### VM-esxi231 ###esxi231 ### esxi231 ### esxi231 ### esxi231  ###
Switch(config-if)#d sw
Switch(config-if)#switchport mo
Switch(config-if)#switchport mode tr
Switch(config-if)#switchport mode trunk 
Switch(config-if)#sw
Switch(config-if)#switchport mo
Switch(config-if)#switchport mode      tr
Switch(config-if)#switchport trunk acc  l
Switch(config-if)#switchport trunk allowed ?
  vlan  Set allowed VLANs when interface is in trunking mode

Switch(config-if)#switchport trunk allowed valn
Switch(config-if)#switchport trunk allowed valna    lan all
Switch(config-if)#exit
Switch(config)#int
Switch(config)#interface port-cha
Switch(config)#interface port-channel 2
Switch(config-if)#desc
Switch(config-if)#description  ### ex sxi232 ###
Switch(config-if)#de  sw
Switch(config-if)#switchport mo tr
Switch(config-if)#sw
Switch(config-if)#switchport tr aa ll vlan all
Switch(config-if)#e noshut     shut
Switch(config-if)#int port-ha  chae nnel 3
Switch(config-if)#desc
Switch(config-if)#description ### esxi233 ###
Switch(config-if)#de s w  sw mo trunk 
Switch(config-if)#sw trn unk v all vlan all
Switch(config-if)#no shut
Switch(config-if)#exit
Switch(config)#rang
Switch(config)#rang    int
Switch(config)#interface rang
Switch(config)#interface range gi 0/7 -8
Switch(config-if-range)#chann
Switch(config-if-range)#channel-g
Switch(config-if-range)#channel-group ?
  <1-6>  Channel group number

Switch(config-if-range)#channel-group 1
% Incomplete command.

Switch(config-if-range)#channel-group 1 ?
  mode  Etherchannel Mode of the interface

Switch(config-if-range)#channel-group 1 no
Switch(config-if-range)#channel-group 1 no  mo d==    de ?
  active     Enable LACP unconditionally
  auto       Enable PAgP only if a PAgP device is detected
  desirable  Enable PAgP unconditionally
  on         Enable Etherchannel only
  passive    Enable LACP only if a LACP device is detected

Switch(config-if-range)#channel-group 1 mode on
Switch(config-if-range)#
Dec 13 06:41:12.287: %LINK-3-UPDOWN: Interface Port-channel1, changed state to up
Dec 13 06:41:13.290: %LINEPROTO-5-UPDOWN: Line protocol on Interface Port-channel1, changed state to up
Switch(config-if-range)#
Switch(config-if-range)#
Switch(config-if-range)#exit
Switch(config)#int rang
Switch(config)#int range gi
Switch(config)#int range gigabitEthernet 0/8 -9 
Switch(config-if-range)#s chann
Switch(config-if-range)#channel-g
Switch(config-if-range)#channel-group 2 mode on
Switch(config-if-range)#no shut
Switch(config-if-range)#exit
Switch(config)#int
Dec 13 06:41:34.957: %LINK-3-UPDOWN: Interface Port-channel2, changed state to up
Dec 13 06:41:35.957: %LINEPROTO-5-UPDOWN: Line protocol on Interface Port-channel2, changed state to up
Switch(config)#interface rang
Switch(config)#interface range gi
Switch(config)#interface range gigabitEthernet exit                            interface range gigabitEthernet  9 -10
                                                ^
% Invalid input detected at '^' marker.

Switch(config)#interface range gigabitEthernet  9 -10     0/9 -10
Switch(config-if-range)#desc
Switch(config-if-range)#description             channe
Switch(config-if-range)#channel-g
Switch(config-if-range)#channel-group 2 mode on
Switch(config-if-range)#no shut
Switch(config-if-range)#end
Switch#inr
Dec 13 06:42:16.103: %SYS-5-CONFIG_I: Configured from console by console
Switch#inr   conf t
Enter configuration commands, one per line.  End with CNTL/Z.
Switch(config)#inra  er  ter
Switch(config)#interface rang
Switch(config)#interface range g 0/7 -8
Switch(config-if-range)#chann
Switch(config-if-range)#channel-g
Switch(config-if-range)#channel-group 1 mode on
Switch(config-if-range)#exit
Switch(config)#int
Switch(config)#interface rang
Switch(config)#interface range gi 11    0/11 -12
Switch(config-if-range)#sw  chann gou    
Switch(config-if-range)#channel-g
Switch(config-if-range)#channel-group 3 mode on
Switch(config-if-range)#end   no shut
Switch(config-if-range)#end
Switch#wr

Dec 13 06:42:57.585: %LINK-3-UPDOWN: Interface Port-channel3, changed state to up
Building configuration...
[OK]
Switch#de
Dec 13 06:42:58.476: %SYS-5-CONFIG_I: Configured from console by console
Dec 13 06:42:58.588: %LINEPROTO-5-UPDOWN: Line protocol on Interface Port-channel3, changed state to up  
Switch#
Switch#
Switch#des
Switch#des   show chann
Switch#show channe
Switch#show channel
Switch#show channel
Switch#show channel
Switch#show channel       ec e the
Switch#show ether
Switch#show etherch
Switch#show etherchannel ?
  <1-6>         Channel group number
  detail        Detail information
  load-balance  Load-balance/frame-distribution scheme among ports in
                port-channel
  port          Port information
  port-channel  Port-channel information
  protocol      protocol enabled
  summary       One-line summary per channel-group
  |             Output modifiers
  <cr>

Switch#show etherchannel 1
% Incomplete command.

Switch#show etherchannel 1 ?
  detail        Detail information
  port          Port information
  port-channel  Port-channel information
  protocol      protocol enabled
  summary       One-line summary per channel-group

Switch#show etherchannel 1 summ
Switch#show etherchannel 1 summary 
Flags:  D - down        P - bundled in port-channel
        I - stand-alone s - suspended
        H - Hot-standby (LACP only)
        R - Layer3      S - Layer2
        U - in use      f - failed to allocate aggregator

        M - not in use, minimum links not met
        u - unsuitable for bundling
        w - waiting to be aggregated
        d - default port


Number of channel-groups in use: 3
Number of aggregators:           3

Group  Port-channel  Protocol    Ports
------+-------------+-----------+-----------------------------------------------
1      Po1(SU)          -        Gi0/7(P)    Gi0/8(P)    

Switch#show etherchannel 1 summary  summary           ?
  <1-6>         Channel group number
  detail        Detail information
  load-balance  Load-balance/frame-distribution scheme among ports in
                port-channel
  port          Port information
  port-channel  Port-channel information
  protocol      protocol enabled
  summary       One-line summary per channel-group
  |             Output modifiers
  <cr>

Switch#show etherchannel summ
Switch#show etherchannel summary 
Flags:  D - down        P - bundled in port-channel
        I - stand-alone s - suspended
        H - Hot-standby (LACP only)
        R - Layer3      S - Layer2
        U - in use      f - failed to allocate aggregator

        M - not in use, minimum links not met
        u - unsuitable for bundling
        w - waiting to be aggregated
        d - default port


Number of channel-groups in use: 3
Number of aggregators:           3

Group  Port-channel  Protocol    Ports
------+-------------+-----------+-----------------------------------------------
1      Po1(SU)          -        Gi0/7(P)    Gi0/8(P)    
2      Po2(SU)          -        Gi0/9(P)    Gi0/10(P)   
3      Po3(SU)          -        Gi0/11(P)   Gi0/12(P)   

Switch#
Switch#
Switch#
Switch#save
Translating "save"...domain server (255.255.255.255) % Name lookup aborted

Switch#
Switch#
Switch#
Switch#
Switch#save    save
Translating "save"...domain server (255.255.255.255) % Name lookup aborted

Switch#
Switch#
Switch#
Switch#ex  wr
Building configuration...
[OK]
Switch#int
Switch#int   conf t
Enter configuration commands, one per line.  End with CNTL/Z.
Switch(config)#int
Switch(config)#interface gi
Switch(config)#interface gigabitEthernet 0/1
Switch(config-if)#desc
Switch(config-if)#description ### esxi231-mgt   MGT ###
Switch(config-if)#e int gi 0/2
Switch(config-if)#desc
Switch(config-if)#description $ ### esxi232-MGT ###
Switch(config-if)#exit
Switch(config)#int gi 0/3
Switch(config-if)#desc
Switch(config-if)#description ### esxi232-  3-MGT ###
Switch(config-if)#exit   no s     no sht
                       ^
% Invalid input detected at '^' marker.

Switch(config-if)#e no shut
Switch(config-if)#end
Switch#wr  
Dec 13 06:45:13.959: %SYS-5-CONFIG_I: Configured from console by console
Switch#
Switch#g int
Switch#int   conf t
Enter configuration commands, one per line.  End with CNTL/Z.
Switch(config)#int gi 0/3
Switch(config-if)#desc
Switch(config-if)#description  ####  Stro  orage-SW ###
Switch(config-if)#no shut
Switch(config-if)#exi   int gi 0/4
Switch(config-if)#desc
Switch(config-if)#description ### Strore    orage-A ###
Switch(config-if)#int gi 0/   description ### Storage-A ###int gi 0/4                   no shut   description  ### Storage-SW ###int gi 0/3                     
Switch(config-if)#desc
Switch(config-if)#description ### esxi233-MGT ###
Switch(config-if)#int gi 0/4
Switch(config-if)#desc
Switch(config-if)#description ####  esx   Storage-SW ###
Switch(config-if)#description ### Storage-SW ###1 ###
Switch(config-if)#int
Switch(config-if)#intgi
Switch(config-if)#intgi   gi 0/5
Switch(config-if)#desc
Switch(config-if)#description  ### Stoa rage  -A ###      -A ###
Switch(config-if)#int gi 0/6
Switch(config-if)#desc
Switch(config-if)#description  ####  Storage-B ###
Switch(config-if)#end
Switch#sab
Dec 13 06:48:04.517: %SYS-5-CONFIG_I: Configured from console by console ve
Translating "save"...domain server (255.255.255.255) % Name lookup aborted

Switch#wr
Building configuration...
[OK]
Switch#dis   show run
Switch#show running-config 
Building configuration...

Current configuration : 3304 bytes
!
! Last configuration change at 06:48:04 UTC Fri Dec 13 2019
! NVRAM config last updated at 06:48:11 UTC Fri Dec 13 2019
!
version 15.2
no service pad
service timestamps debug datetime msec
service timestamps log datetime msec
no service password-encryption
!
hostname Switch
!
boot-start-marker
boot-end-marker
!
!
!
username admin secret 5 $1$jmnJ$TbWc1Jq18dCMnIXNvflJu.
no aaa new-model
!
!
 --More--         !
!
!
!
!
!
!
!
!
spanning-tree mode pvst
spanning-tree extend system-id
!
!
!
!
vlan internal allocation policy ascending
!
!
! 
!
!
!
!
 --More--         !
!
!
!
interface Port-channel1
 description ### esxi231  ###
!
interface Port-channel2
 description ### esxi232 ###
!
interface Port-channel3
 description ### esxi233 ###
!
interface FastEthernet0
 no ip address
!
interface GigabitEthernet0/1
 description ### esxi231-MGT ###
 switchport access vlan 10
 switchport mode access
!
interface GigabitEthernet0/2
 description ### esxi232-MGT ###
 --More--          switchport access vlan 10
 switchport mode access
!
interface GigabitEthernet0/3
 description ### esxi233-MGT ###
 switchport access vlan 10
 switchport mode access
!
interface GigabitEthernet0/4
 description ### Storage-SW1 ###
 switchport access vlan 10
 switchport mode access
!
interface GigabitEthernet0/5
 description ### Storage-A ###
 switchport access vlan 10
 switchport mode access
!
interface GigabitEthernet0/6
 description ### Storage-B ###
 switchport access vlan 10
 switchport mode access
!
 --More--         interface GigabitEthernet0/7
 channel-group 1 mode on
!
interface GigabitEthernet0/8
 channel-group 1 mode on
!
interface GigabitEthernet0/9
 channel-group 2 mode on
!
interface GigabitEthernet0/10
 channel-group 2 mode on
!
interface GigabitEthernet0/11
 channel-group 3 mode on
!
interface GigabitEthernet0/12
 channel-group 3 mode on
!
interface GigabitEthernet0/13
!
interface GigabitEthernet0/14
!
interface GigabitEthernet0/15
 --More--         !
interface GigabitEthernet0/16
!
interface GigabitEthernet0/17
!
interface GigabitEthernet0/18
!
interface GigabitEthernet0/19
!
interface GigabitEthernet0/20
!
interface GigabitEthernet0/21
!
interface GigabitEthernet0/22
!
interface GigabitEthernet0/23
!
interface GigabitEthernet0/24
!
interface GigabitEthernet0/25
!
interface GigabitEthernet0/26
!
 --More--         
Switch#int   conf t
Enter configuration commands, one per line.  End with CNTL/Z.
Switch(config)#int
Switch(config)#interface g port-c
Switch(config)#interface port-channel 1
Switch(config-if)#sw
Switch(config-if)#switchport mo
Switch(config-if)#switchport mode tr
Switch(config-if)#switchport mode trunk 
Switch(config-if)#sw
Switch(config-if)#switchport tr all vla
Dec 13 06:49:00.759: %LINEPROTO-5-UPDOWN: Line protocol on Interface GigabitEthernet0/7, changed state to down
Dec 13 06:49:00.770: %LINEPROTO-5-UPDOWN: Line protocol on Interface GigabitEthernet0/8, changed state to down
Dec 13 06:49:00.770: %LINEPROTO-5-UPDOWN: Line protocol on Interface Port-channel1, changed state to downn all
Dec 13 06:49:01.769: %LINK-3-UPDOWN: Interface Port-channel1, changed state to down
Switch(config-if)#switchport tr all vlan all 
Switch(config-if)#
Dec 13 06:49:03.779: %LINEPROTO-5-UPDOWN: Line protocol on Interface GigabitEthernet0/7, changed state to up
Dec 13 06:49:03.786: %LINEPROTO-5-UPDOWN: Line protocol on Interface GigabitEthernet0/8, changed state to up
Dec 13 06:49:04.772: %LINK-3-UPDOWN: Interface Port-channel1, changed state to up
Dec 13 06:49:05.775: %LINEPROTO-5-UPDOWN: Line protocol on Interface Port-channel1, changed state to up
Switch(config-if)#
Switch(config-if)#int port-channel 2
Switch(config-if)#sw mo trunk
Switch(config-if)#sw tr all vl
Dec 13 06:49:15.981: %LINEPROTO-5-UPDOWN: Line protocol on Interface GigabitEthernet0/9, changed state to down
Dec 13 06:49:15.981: %LINEPROTO-5-UPDOWN: Line protocol on Interface GigabitEthernet0/10, changed state to down
Dec 13 06:49:15.981: %LINEPROTO-5-UPDOWN: Line protocol on Interface Port-channel2, changed state to downan
Switch(config-if)#sw tr all vlan 
Dec 13 06:49:16.988: %LINK-3-UPDOWN: Interface Port-channel2, changed state to down
Switch(config-if)#sw tr all vlan 
Switch(config-if)#sw tr all vlan 
Switch(config-if)#sw tr all vlan 
Dec 13 06:49:18.994: %LINEPROTO-5-UPDOWN: Line protocol on Interface GigabitEthernet0/9, changed state to up
Dec 13 06:49:18.994: %LINEPROTO-5-UPDOWN: Line protocol on Interface GigabitEthernet0/10, changed state to upall
Switch(config-if)#
Dec 13 06:49:19.987: %LINK-3-UPDOWN: Interface Port-channel2, changed state to up
Dec 13 06:49:20.986: %LINEPROTO-5-UPDOWN: Line protocol on Interface Port-channel2, changed state to upno s   exi    
Switch(config-if)#
Switch(config-if)#int port-channel 3
Switch(config-if)#sw mo trunk
Switch(config-if)#sw tr
Dec 13 06:49:31.612: %LINEPROTO-5-UPDOWN: Line protocol on Interface Vlan1, changed state to down
Dec 13 06:49:32.594: %LINEPROTO-5-UPDOWN: Line protocol on Interface GigabitEthernet0/11, changed state to down
Dec 13 06:49:32.594: %LINEPROTO-5-UPDOWN: Line protocol on Interface GigabitEthernet0/12, changed state to down
Dec 13 06:49:32.594: %LINEPROTO-5-UPDOWN: Line protocol on Interface Port-channel3, changed state to downn
Switch(config-if)#sw trn
Dec 13 06:49:32.786: %LINEPROTO-5-UPDOWN: Line protocol on Interface Vlan1, changed state to up 
Switch(config-if)#sw trunk 
Dec 13 06:49:33.597: %LINK-3-UPDOWN: Interface Port-channel3, changed state to down
Switch(config-if)#sw trunk v
Dec 13 06:49:35.607: %LINEPROTO-5-UPDOWN: Line protocol on Interface GigabitEthernet0/11, changed state to up
Dec 13 06:49:35.610: %LINEPROTO-5-UPDOWN: Line protocol on Interface GigabitEthernet0/12, changed state to upa  
Switch(config-if)#sw trunk 
Dec 13 06:49:36.600: %LINK-3-UPDOWN: Interface Port-channel3, changed state to up
Dec 13 06:49:37.599: %LINEPROTO-5-UPDOWN: Line protocol on Interface Port-channel3, changed state to up
Switch(config-if)#sw trunk all vlan all
Switch(config-if)#ex dn  nd
Switch#show e
Dec 13 06:49:44.020: %SYS-5-CONFIG_I: Configured from console by consolet
Switch#show etherch
Switch#show etherchannel summ
Switch#show etherchannel summary 
Flags:  D - down        P - bundled in port-channel
        I - stand-alone s - suspended
        H - Hot-standby (LACP only)
        R - Layer3      S - Layer2
        U - in use      f - failed to allocate aggregator

        M - not in use, minimum links not met
        u - unsuitable for bundling
        w - waiting to be aggregated
        d - default port


Number of channel-groups in use: 3
Number of aggregators:           3

Group  Port-channel  Protocol    Ports
------+-------------+-----------+-----------------------------------------------
1      Po1(SU)          -        Gi0/7(P)    Gi0/8(P)    
2      Po2(SU)          -        Gi0/9(P)    Gi0/10(P)   
3      Po3(SU)          -        Gi0/11(P)   Gi0/12(P)   

Switch#  dis
Switch#dis   show run
Switch#show running-config 
Building configuration...

Current configuration : 3511 bytes
!
! Last configuration change at 06:49:44 UTC Fri Dec 13 2019
! NVRAM config last updated at 06:48:11 UTC Fri Dec 13 2019
!
version 15.2
no service pad
service timestamps debug datetime msec
service timestamps log datetime msec
no service password-encryption
!
hostname Switch
!
boot-start-marker
boot-end-marker
!
!
!
username admin secret 5 $1$jmnJ$TbWc1Jq18dCMnIXNvflJu.
no aaa new-model
!
!
 --More--         
Switch#show running-config  int
Switch#show running-config  interface por
Switch#show running-config  interface port-c
Switch#show running-config  interface port-channel 1
Building configuration...

Current configuration : 84 bytes
!
interface Port-channel1
 description ### esxi231  ###
 switchport mode trunk
end

Switch#show running-config  interface port-channel 1 2
Building configuration...

Current configuration : 83 bytes
!
interface Port-channel2
 description ### esxi232 ###
 switchport mode trunk
end

Switch#show running-config  interface port-channel 2 3
Building configuration...

Current configuration : 83 bytes
!
interface Port-channel3
 description ### esxi233 ###
 switchport mode trunk
end

Switch#
Switch#
Switch#
Switch#
Switch#sa  wr
Building configuration...
[OK]
Switch#
Switch#
Switch#
Switch#
Switch#
Switch>
Switch>
Switch>
Switch>
Switch>
Switch>en
Switch#
Switch#
Switch#
Switch#show run
Switch#show running-config enable
                            ^
% Invalid input detected at '^' marker.

Switch#show running-config enable     e  enable
                            ^
% Invalid input detected at '^' marker.

Switch#show run
Switch#show running-config   
Switch#show running-config 
Building configuration...

Current configuration : 3511 bytes
!
! Last configuration change at 06:49:44 UTC Fri Dec 13 2019
! NVRAM config last updated at 06:50:13 UTC Fri Dec 13 2019
!
version 15.2
no service pad
service timestamps debug datetime msec
service timestamps log datetime msec
no service password-encryption
!
hostname Switch
!
boot-start-marker
boot-end-marker
!
!
!
username admin secret 5 $1$jmnJ$TbWc1Jq18dCMnIXNvflJu.
no aaa new-model
!
!
 --More--         !
!
!
!
!
!
!
!
!
spanning-tree mode pvst
spanning-tree extend system-id
!
!
!
!
vlan internal allocation policy ascending
!
!
! 
!
!
!
!
 --More--         !
!
!
!
interface Port-channel1
 description ### esxi231  ###
 switchport mode trunk
!
interface Port-channel2
 description ### esxi232 ###
 switchport mode trunk
!
interface Port-channel3
 description ### esxi233 ###
 switchport mode trunk
!
interface FastEthernet0
 no ip address
!
interface GigabitEthernet0/1
 description ### esxi231-MGT ###
 switchport access vlan 10
 switchport mode access
 --More--         !
interface GigabitEthernet0/2
 description ### esxi232-MGT ###
 switchport access vlan 10
 switchport mode access
!
interface GigabitEthernet0/3
 description ### esxi233-MGT ###
 switchport access vlan 10
 switchport mode access
!
interface GigabitEthernet0/4
 description ### Storage-SW1 ###
 switchport access vlan 10
 switchport mode access
!
interface GigabitEthernet0/5
 description ### Storage-A ###
 switchport access vlan 10
 switchport mode access
!
interface GigabitEthernet0/6
 description ### Storage-B ###
 --More--          switchport access vlan 10
 switchport mode access
!
interface GigabitEthernet0/7
 switchport mode trunk
 channel-group 1 mode on
!
interface GigabitEthernet0/8
 switchport mode trunk
 channel-group 1 mode on
!
interface GigabitEthernet0/9
 switchport mode trunk
 channel-group 2 mode on
!
interface GigabitEthernet0/10
 switchport mode trunk
 channel-group 2 mode on
!
interface GigabitEthernet0/11
 switchport mode trunk
 channel-group 3 mode on
!
 --More--         interface GigabitEthernet0/12
 switchport mode trunk
 channel-group 3 mode on
!
interface GigabitEthernet0/13
!
interface GigabitEthernet0/14
!
interface GigabitEthernet0/15
!
interface GigabitEthernet0/16
!
interface GigabitEthernet0/17
!
interface GigabitEthernet0/18
!
interface GigabitEthernet0/19
!
interface GigabitEthernet0/20
!
interface GigabitEthernet0/21
!
interface GigabitEthernet0/22
 --More--         !
interface GigabitEthernet0/23
!
interface GigabitEthernet0/24
!
interface GigabitEthernet0/25
!
interface GigabitEthernet0/26
!
interface GigabitEthernet0/27
!
interface GigabitEthernet0/28
!
interface GigabitEthernet0/29
!
interface GigabitEthernet0/30
!
interface GigabitEthernet0/31
!
interface GigabitEthernet0/32
!
interface GigabitEthernet0/33
!
 --More--         interface GigabitEthernet0/34
!
interface GigabitEthernet0/35
!
interface GigabitEthernet0/36
!
interface GigabitEthernet0/37
!
interface GigabitEthernet0/38
!
interface GigabitEthernet0/39
!
interface GigabitEthernet0/40
!
interface GigabitEthernet0/41
!
interface GigabitEthernet0/42
!
interface GigabitEthernet0/43
!
interface GigabitEthernet0/44
!
interface GigabitEthernet0/45
 --More--         !
interface GigabitEthernet0/46
!
interface GigabitEthernet0/47
 switchport mode trunk
!
interface GigabitEthernet0/48
 switchport mode trunk
!
interface GigabitEthernet0/49
!
interface GigabitEthernet0/50
!
interface Vlan1
 no ip address
!
interface Vlan10
 ip address 192.168.0.234 255.255.255.0
!
ip default-gateway 192.168.0.2
ip http server
ip http secure-server
!
 --More--         !
no vstack
!
line con 0
line vty 0 4
 login local
 transport input telnet ssh
line vty 5 15
 login
!
end

Switch# int      conf t
Enter configuration commands, one per line.  End with CNTL/Z.
Switch(config)#int vlan 10
Switch(config-if)#no ip add
Switch(config-if)#n int vlan 110
Switch(config-if)#
Dec 13 07:13:39.461: %LINEPROTO-5-UPDOWN: Line protocol on Interface Vlan110, changed state to down ip add
Switch(config-if)# ip address 172.30.30.20 255.255.255.0
Switch(config-if)#no shut
Switch(config-if)#exit
Switch(config)#ip defa
Switch(config)#ip default-gateway 172.30.30.20  254
Switch(config)#end
Switch#con t
Dec 13 07:13:57.021: %SYS-5-CONFIG_I: Configured from console by console  f
Switch#configure t
Enter configuration commands, one per line.  End with CNTL/Z.
Switch(config)#ena
Switch(config)#enable ?
  algorithm-type  Algorithm to use for hashing the plaintext 'enable' secret
  last-resort     Define enable action if no TACACS servers respond
  password        Assign the privileged level password (MAX of 25 characters)
  secret          Assign the privileged level secret (MAX of 25 characters)
  use-tacacs      Use TACACS to check enable passwords

Switch(config)#enable se
Switch(config)#enable secret ?
  0      Specifies an UNENCRYPTED password will follow
  5      Specifies a MD5 HASHED secret will follow
  8      Specifies a PBKDF2 HASHED secret will follow
  9      Specifies a SCRYPT HASHED secret will follow
  LINE   The UNENCRYPTED (cleartext) 'enable' secret
  level  Set exec level password

Switch(config)#enable secret simgui
Switch(config)#
Switch(config)#
Switch(config)#
Switch(config)#?
Configure commands:
  aaa                         Authentication, Authorization and Accounting.
  access-list                 Add an access list entry
  access-session              Access Sesion Global Configuration Commands
  alias                       Create command alias
  archive                     Archive the configuration
  arp                         Set a static ARP entry
  authentication              Auth Manager Global Configuration Commands
  auto                        Configure Automation
  autoconf                    Configure autoconf
  banner                      Define a login banner
  beep                        Configure BEEP (Blocks Extensible Exchange
                              Protocol)
  boot                        Modify system boot parameters
  buffers                     Adjust system buffer pool parameters
  bulkstat                    Bulkstat Application
  captive-portal-bypass       Enable Captive portal bypass for apple devices
  cdp                         Global CDP configuration subcommands
  clock                       Configure time-of-day clock
  cluster                     Cluster configuration commands
  cns                         CNS agents
  configuration               Configuration access
 --More--         
Switch(config)#username
Switch(config)#username simgui se
Switch(config)#username simgui secret simgui                             username admin sec
Switch(config)#username admin secret simgui
Switch(config)#
Switch(config)#
Switch(config)#end
Switch#show run
Switch#show running-config 
Dec 13 07:14:59.107: %SYS-5-CONFIG_I: Configured from console by console
Building configuration...

Current configuration : 3594 bytes
!
! Last configuration change at 07:14:59 UTC Fri Dec 13 2019
! NVRAM config last updated at 06:50:13 UTC Fri Dec 13 2019
!
version 15.2
no service pad
service timestamps debug datetime msec
service timestamps log datetime msec
no service password-encryption
!
hostname Switch
!
boot-start-marker
boot-end-marker
!
!
enable secret 5 $1$WHrc$LogvOEojlSBuHT6j4yczR0
!
username admin secret 5 $1$YF2T$0bvigOmt3wnY9M1dbmxjd.
no aaa new-model
!
 --More--         !
!
!
!
!
!
!
!
!
!
spanning-tree mode pvst
spanning-tree extend system-id
!
!
!
!
vlan internal allocation policy ascending
!
!
! 
!
!
!
 --More--         !
!
!
!
!
interface Port-channel1
 description ### esxi231  ###
 switchport mode trunk
!
interface Port-channel2
 description ### esxi232 ###
 switchport mode trunk
!
interface Port-channel3
 description ### esxi233 ###
 switchport mode trunk
!
interface FastEthernet0
 no ip address
!
interface GigabitEthernet0/1
 description ### esxi231-MGT ###
 switchport access vlan 10
 --More--          switchport mode access
!
interface GigabitEthernet0/2
 description ### esxi232-MGT ###
 switchport access vlan 10
 switchport mode access
!
interface GigabitEthernet0/3
 description ### esxi233-MGT ###
 switchport access vlan 10
 switchport mode access
!
interface GigabitEthernet0/4
 description ### Storage-SW1 ###
 switchport access vlan 10
 switchport mode access
!
interface GigabitEthernet0/5
 description ### Storage-A ###
 switchport access vlan 10
 switchport mode access
!
interface GigabitEthernet0/6
 --More--         
Switch#q 
Switch#
Switch#
Switch#
Switch#
Switch#q show running-config 
Building configuration...

Current configuration : 3594 bytes
!
! Last configuration change at 07:14:59 UTC Fri Dec 13 2019
! NVRAM config last updated at 06:50:13 UTC Fri Dec 13 2019
!
version 15.2
no service pad
service timestamps debug datetime msec
service timestamps log datetime msec
no service password-encryption
!
hostname Switch
!
boot-start-marker
boot-end-marker
!
!
enable secret 5 $1$WHrc$LogvOEojlSBuHT6j4yczR0
!
username admin secret 5 $1$YF2T$0bvigOmt3wnY9M1dbmxjd.
no aaa new-model
!
 --More--         !
!
!
!
!
!
!
!
!
!
spanning-tree mode pvst
spanning-tree extend system-id
!
!
!
!
vlan internal allocation policy ascending
!
!
! 
!
!
!
 --More--         !
!
!
!
!
interface Port-channel1
 description ### esxi231  ###
 switchport mode trunk
!
interface Port-channel2
 description ### esxi232 ###
 switchport mode trunk
!
interface Port-channel3
 description ### esxi233 ###
 switchport mode trunk
!
interface FastEthernet0
 no ip address
!
interface GigabitEthernet0/1
 description ### esxi231-MGT ###
 switchport access vlan 10
 --More--          switchport mode access
!
interface GigabitEthernet0/2
 description ### esxi232-MGT ###
 switchport access vlan 10
 switchport mode access
!
interface GigabitEthernet0/3
 description ### esxi233-MGT ###
 switchport access vlan 10
 switchport mode access
!
interface GigabitEthernet0/4
 description ### Storage-SW1 ###
 switchport access vlan 10
 switchport mode access
!
interface GigabitEthernet0/5
 description ### Storage-A ###
 switchport access vlan 10
 switchport mode access
!
interface GigabitEthernet0/6
 --More--          description ### Storage-B ###
 switchport access vlan 10
 switchport mode access
!
interface GigabitEthernet0/7
 switchport mode trunk
 channel-group 1 mode on
!
interface GigabitEthernet0/8
 switchport mode trunk
 channel-group 1 mode on
!
interface GigabitEthernet0/9
 switchport mode trunk
 channel-group 2 mode on
!
interface GigabitEthernet0/10
 switchport mode trunk
 channel-group 2 mode on
!
interface GigabitEthernet0/11
 switchport mode trunk
 channel-group 3 mode on
 --More--         !
interface GigabitEthernet0/12
 switchport mode trunk
 channel-group 3 mode on
!
interface GigabitEthernet0/13
!
interface GigabitEthernet0/14
!
interface GigabitEthernet0/15
!
interface GigabitEthernet0/16
!
interface GigabitEthernet0/17
!
interface GigabitEthernet0/18
!
interface GigabitEthernet0/19
!
interface GigabitEthernet0/20
!
interface GigabitEthernet0/21
!
 --More--         interface GigabitEthernet0/22
!
interface GigabitEthernet0/23
!
interface GigabitEthernet0/24
!
interface GigabitEthernet0/25
!
interface GigabitEthernet0/26
!
interface GigabitEthernet0/27
!
interface GigabitEthernet0/28
!
interface GigabitEthernet0/29
!
interface GigabitEthernet0/30
!
interface GigabitEthernet0/31
!
interface GigabitEthernet0/32
!
interface GigabitEthernet0/33
 --More--         !
interface GigabitEthernet0/34
!
interface GigabitEthernet0/35
!
interface GigabitEthernet0/36
!
interface GigabitEthernet0/37
!
interface GigabitEthernet0/38
!
interface GigabitEthernet0/39
!
interface GigabitEthernet0/40
!
interface GigabitEthernet0/41
!
interface GigabitEthernet0/42
!
interface GigabitEthernet0/43
!
interface GigabitEthernet0/44
!
 --More--         interface GigabitEthernet0/45
!
interface GigabitEthernet0/46
!
interface GigabitEthernet0/47
 switchport mode trunk
!
interface GigabitEthernet0/48
 switchport mode trunk
!
interface GigabitEthernet0/49
!
interface GigabitEthernet0/50
!
interface Vlan1
 no ip address
!
interface Vlan10
 no ip address
!
interface Vlan110
 ip address 172.30.30.20 255.255.255.0
!
 --More--         ip default-gateway 172.30.30.254
ip http server
ip http secure-server
!
!
no vstack
!
line con 0
line vty 0 4
 login local
 transport input telnet ssh
line vty 5 15
 login
!
end

Switch#wr
Building configuration...
[OK]
Switch#c exit

































Switch con0 is now available





Press RETURN to get started.














Switch>
Switch>
Switch>
Switch>
Switch>
Switch>
Switch>
Switch>en
Password: 
Switch#
Switch#
Switch#
Switch#
Switch#wr
Building configuration...
[OK]
Switch#
Dec 13 07:21:08.972: %LINK-3-UPDOWN: Interface GigabitEthernet0/48, changed state to up
Dec 13 07:21:10.985: %LINEPROTO-5-UPDOWN: Line protocol on Interface GigabitEthernet0/48, changed state to up
Dec 13 07:24:16.810: %LINEPROTO-5-UPDOWN: Line protocol on Interface GigabitEthernet0/48, changed state to down
Dec 13 07:24:17.824: %LINK-3-UPDOWN: Interface GigabitEthernet0/48, changed state to down
Dec 13 07:24:20.774: %LINK-3-UPDOWN: Interface GigabitEthernet0/48, changed state to up
Dec 13 07:24:22.787: %LINEPROTO-5-UPDOWN: Line protocol on Interface GigabitEthernet0/48, changed state to up
Dec 13 07:26:29.469: %LINEPROTO-5-UPDOWN: Line protocol on Interface GigabitEthernet0/48, changed state to down
Dec 13 07:26:30.479: %LINK-3-UPDOWN: Interface GigabitEthernet0/48, changed state to down

































Switch con0 is now available





Press RETURN to get started.











Dec 13 07:28:04.512: %LINK-3-UPDOWN: Interface GigabitEthernet0/48, changed state to up
Dec 13 07:28:06.525: %LINEPROTO-5-UPDOWN: Line protocol on Interface GigabitEthernet0/48, changed state to up
Switch>
Switch>
Switch>
Switch>
Switch>en
Password: 
Switch#show ip int b
Interface              IP-Address      OK? Method Status                Protocol
Vlan1                  unassigned      YES unset  up                    up      
Vlan10                 unassigned      YES manual up                    up      
Vlan110                172.30.30.20    YES manual down                  down    
FastEthernet0          unassigned      YES unset  down                  down    
GigabitEthernet0/1     unassigned      YES unset  up                    up      
GigabitEthernet0/2     unassigned      YES unset  up                    up      
GigabitEthernet0/3     unassigned      YES unset  up                    up      
GigabitEthernet0/4     unassigned      YES unset  down                  down    
GigabitEthernet0/5     unassigned      YES unset  down                  down    
GigabitEthernet0/6     unassigned      YES unset  down                  down    
GigabitEthernet0/7     unassigned      YES unset  up                    up      
GigabitEthernet0/8     unassigned      YES unset  up                    up      
GigabitEthernet0/9     unassigned      YES unset  up                    up      
GigabitEthernet0/10    unassigned      YES unset  up                    up      
GigabitEthernet0/11    unassigned      YES unset  up                    up      
GigabitEthernet0/12    unassigned      YES unset  up                    up      
GigabitEthernet0/13    unassigned      YES unset  down                  down    
GigabitEthernet0/14    unassigned      YES unset  down                  down    
GigabitEthernet0/15    unassigned      YES unset  down                  down    
GigabitEthernet0/16    unassigned      YES unset  down                  down    
GigabitEthernet0/17    unassigned      YES unset  down                  down    
 --More--         
Switch#con  g   f t
Enter configuration commands, one per line.  End with CNTL/Z.
Switch(config)#int vlan 110
Switch(config-if)#no shut
Switch(config-if)#end
Switch#show ip itn 
Dec 13 07:48:10.937: %SYS-5-CONFIG_I: Configured from console by console    
Switch#show ip int b
Interface              IP-Address      OK? Method Status                Protocol
Vlan1                  unassigned      YES unset  up                    up      
Vlan10                 unassigned      YES manual up                    up      
Vlan110                172.30.30.20    YES manual down                  down    
FastEthernet0          unassigned      YES unset  down                  down    
GigabitEthernet0/1     unassigned      YES unset  up                    up      
GigabitEthernet0/2     unassigned      YES unset  up                    up      
GigabitEthernet0/3     unassigned      YES unset  up                    up      
GigabitEthernet0/4     unassigned      YES unset  down                  down    
GigabitEthernet0/5     unassigned      YES unset  down                  down    
GigabitEthernet0/6     unassigned      YES unset  down                  down    
GigabitEthernet0/7     unassigned      YES unset  up                    up      
GigabitEthernet0/8     unassigned      YES unset  up                    up      
GigabitEthernet0/9     unassigned      YES unset  up                    up      
GigabitEthernet0/10    unassigned      YES unset  up                    up      
GigabitEthernet0/11    unassigned      YES unset  up                    up      
GigabitEthernet0/12    unassigned      YES unset  up                    up      
GigabitEthernet0/13    unassigned      YES unset  down                  down    
GigabitEthernet0/14    unassigned      YES unset  down                  down    
GigabitEthernet0/15    unassigned      YES unset  down                  down    
GigabitEthernet0/16    unassigned      YES unset  down                  down    
GigabitEthernet0/17    unassigned      YES unset  down                  down    
 --More--         
Switch#vlan 110
Translating "vlan"...domain server (255.255.255.255) % Name lookup aborted

Switch#sho   conf t
Enter configuration commands, one per line.  End with CNTL/Z.
Switch(config)#vlan11   110
Switch(config-vlan)#nos hut
                      ^
% Invalid input detected at '^' marker.

Switch(config-vlan)#e e qui   exit
Switch(config)#show    exit
Switch#show vlan b

VLAN Name                             Status    Ports
---- -------------------------------- --------- -------------------------------
1    default                          active    Gi0/13, Gi0/14, Gi0/15, Gi0/16
                                                Gi0/17, Gi0/18, Gi0/19, Gi0/20
                                                Gi0/21, Gi0/22, Gi0/23, Gi0/24
                                                Gi0/25, Gi0/26, Gi0/27, Gi0/28
                                                Gi0/2
Dec 13 07:48:37.197: %SYS-5-CONFIG_I: Configured from console by console9, Gi0/30, Gi0/31, Gi0/32
                                                Gi0/33, Gi0/34, Gi0/35, Gi0/36
                                                Gi0/37, Gi0/38, Gi0/39, Gi0/40
                                                Gi0/41, Gi0/42, Gi0/43, Gi0/44
                                                Gi0/45, Gi0/46, Gi0/47, Gi0/49
                                                Gi0/50
10   VLAN0010                         active    Gi0/1, Gi0/2, Gi0/3, Gi0/4
                                                Gi0/5, Gi0/6
110  VLAN0110                         active    
1002 fddi-default                     act/unsup 
1003 token-ring-default               act/unsup 
1004 fddinet-default                  act/unsup 
1005 trnet-default                    act/unsup 
Switch#show ip itn b
                ^
% Invalid input detected at '^' marker.

Switch#show ip int b
Interface              IP-Address      OK? Method Status                Protocol
Vlan1                  unassigned      YES unset  up                    up      
Vlan10                 unassigned      YES manual up                    up      
Vlan110                172.30.30.20    YES manual up                    down    
FastEthernet0          unassigned      YES unset  down                  down    
GigabitEthernet0/1     unassigned      YES unset  up                    up      
GigabitEthernet0/2     unassigned      YES unset  up                    up      
GigabitEthernet0/3     unassigned      YES unset  up                    up      
GigabitEthernet0/4     unassigned      YES unset  down                  down    
GigabitEthernet0/5     unassigned      YES unset  down                  down    
GigabitEthernet0/6     unassigned      YES unset  down                  down    
GigabitEthernet0/7     unassigned      YES unset  up                    up      
GigabitEthernet0/8     unassigned      YES unset  up                    up      
GigabitEthernet0/9     unassigned      YES unset  up                    up      
GigabitEthernet0/10    unassigned      YES unset  up                    up      
GigabitEthernet0/11    unassigned      YES unset  up                    up      
GigabitEthernet0/12    unassigned      YES unset  up                    up      
GigabitEthernet0/13    unassigned      YES unset  down                  down    
GigabitEthernet0/14    unassigned      YES unset  down                  down    
GigabitEthernet0/15    unassigned      YES unset  down                  down    
GigabitEthernet0/16    unassigned      YES unset  down                  down    
GigabitEthernet0/17    unassigned      YES unset  down                  down    
 --More--         
Switch#int v     conf t
Enter configuration commands, one per line.  End with CNTL/Z.
Switch(config)#l vlan 110
Switch(config-vlan)#no shut
%VLAN 110 is not shutdown.
Switch(config-vlan)#end
Switch#int  
Dec 13 07:48:58.053: %SYS-5-CONFIG_I: Configured from console by console ip int b
        ^
% Invalid input detected at '^' marker.

Switch#show ip int b
Interface              IP-Address      OK? Method Status                Protocol
Vlan1                  unassigned      YES unset  up                    up      
Vlan10                 unassigned      YES manual up                    up      
Vlan110                172.30.30.20    YES manual up                    down    
FastEthernet0          unassigned      YES unset  down                  down    
GigabitEthernet0/1     unassigned      YES unset  up                    up      
GigabitEthernet0/2     unassigned      YES unset  up                    up      
GigabitEthernet0/3     unassigned      YES unset  up                    up      
GigabitEthernet0/4     unassigned      YES unset  down                  down    
GigabitEthernet0/5     unassigned      YES unset  down                  down    
GigabitEthernet0/6     unassigned      YES unset  down                  down    
GigabitEthernet0/7     unassigned      YES unset  up                    up      
GigabitEthernet0/8     unassigned      YES unset  up                    up      
GigabitEthernet0/9     unassigned      YES unset  up                    up      
GigabitEthernet0/10    unassigned      YES unset  up                    up      
GigabitEthernet0/11    unassigned      YES unset  up                    up      
GigabitEthernet0/12    unassigned      YES unset  up                    up      
GigabitEthernet0/13    unassigned      YES unset  down                  down    
GigabitEthernet0/14    unassigned      YES unset  down                  down    
GigabitEthernet0/15    unassigned      YES unset  down                  down    
GigabitEthernet0/16    unassigned      YES unset  down                  down    
GigabitEthernet0/17    unassigned      YES unset  down                  down    
 --More-- 
Dec 13 07:49:05.197: %LINEPROTO-5-UPDOWN: Line protocol on Interface Vlan110, changed state to up        GigabitEthernet0/18    unassigned      YES unset  down                  down    
 --More--         GigabitEthernet0/19    unassigned      YES unset  down                  down    
 --More--         
Switch#
Switch#
Switch#
Switch#wr
Building configuration...
[OK]
Switch#